// Jest Snapshot v1, https://goo.gl/fbAQLP

exports[`<Button  /> should match snapshot 1`] = `
.c0 {
  -webkit-align-items: center;
  -webkit-box-align: center;
  -ms-flex-align: center;
  align-items: center;
  background-clip: padding-box;
  background-color: #fa6400;
  border: 1px solid transparent;
  border-radius: 0.25rem;
  box-shadow: rgba(0,0,0,0.02) 0 1px 3px 0;
  box-sizing: border-box;
  color: #fff;
  cursor: pointer;
  display: -webkit-inline-box;
  display: -webkit-inline-flex;
  display: -ms-inline-flexbox;
  display: inline-flex;
  font-family: system-ui,-apple-system,system-ui,'Helvetica Neue',Helvetica, Arial,sans-serif;
  font-size: 16px;
  font-weight: 600;
  -webkit-box-pack: center;
  -webkit-justify-content: center;
  -ms-flex-pack: center;
  justify-content: center;
  line-height: 1.25;
  margin: 10px 0;
  min-height: 3rem;
  padding: calc(0.875rem - 1px) calc(1.5rem - 1px);
  position: relative;
  -webkit-text-decoration: none;
  text-decoration: none;
  -webkit-transition: all 250ms;
  transition: all 250ms;
  -webkit-user-select: none;
  -moz-user-select: none;
  -ms-user-select: none;
  user-select: none;
  -webkit-user-select: none;
  touch-action: manipulation;
  vertical-align: baseline;
  width: 100%;
}

.c0:hover,
.c0:focus {
  cursor: pointer;
  background-color: #fb8332;
  box-shadow: rgba(0,0,0,0.1) 0 4px 12px;
}

.c0:hover {
  -webkit-transform: translateY(-1px);
  -ms-transform: translateY(-1px);
  transform: translateY(-1px);
}

.c0:active {
  background-color: #c85000;
  box-shadow: rgba(0,0,0,0.06) 0 2px 4px;
  -webkit-transform: translateY(0);
  -ms-transform: translateY(0);
  transform: translateY(0);
}

<button
  class="c0"
  type="submit"
/>
`;
