// Jest Snapshot v1, https://goo.gl/fbAQLP

exports[`<RegistrationForm  /> should match snapshot 1`] = `
<div
  class="RegistrationForm__Div-sc-riav6x-0"
>
  
  <form>
    <input
      name="emailAddress"
    />
    <input
      name="password"
    />
    <input
      type="submit"
    />
  </form>
</div>
`;
